******************************************************************************
                  TI ARM Linker PC v20.2.0                     
******************************************************************************
>> Linked Fri Jun  5 19:23:57 2020

OUTPUT FILE NAME:   <IMULabs_proj.out>
ENTRY POINT SYMBOL: "_c_int00_noargs"  address: 00010bad


MEMORY CONFIGURATION

         name            origin    length      used     unused   attr    fill
----------------------  --------  ---------  --------  --------  ----  --------
  MAIN                  00000000   00040000  00010dd0  0002f230  R  X
  INFO                  00200000   00004000  00000000  00004000  R  X
  SRAM_CODE             01000000   00010000  000002bb  0000fd45  RW X
  SRAM_DATA             20000000   00010000  000002bb  0000fd45  RW  


SEGMENT ALLOCATION MAP

run origin  load origin   length   init length attrs members
----------  ----------- ---------- ----------- ----- -------
00000000    00000000    00010dd0   00010dd0    r-x
  00000000    00000000    000000e4   000000e4    r-- .intvecs
  000000e4    000000e4    0000e240   0000e240    r-- .const
  0000e324    0000e324    00002a7c   00002a7c    r-x .text
  00010da0    00010da0    00000030   00000030    r-- .cinit
20000000    20000000    000000bc   00000000    rw-
  20000000    20000000    000000b7   00000000    rw- .bss
  200000b8    200000b8    00000004   00000000    rw- .data
2000fe00    2000fe00    00000200   00000000    rw-
  2000fe00    2000fe00    00000200   00000000    rw- .stack


SECTION ALLOCATION MAP

 output                                  attributes/
section   page    origin      length       input sections
--------  ----  ----------  ----------   ----------------
.intvecs   0    00000000    000000e4     
                  00000000    000000e4     startup_msp432p401r_ccs.obj (.intvecs:retain)

.const     0    000000e4    0000e240     
                  000000e4    00003840     main.obj (.const:magnetoX)
                  00003924    00003840     main.obj (.const:magnetoY)
                  00007164    00003840     main.obj (.const:magnetoZ)
                  0000a9a4    00001c20     main.obj (.const:angleMot)
                  0000c5c4    00001c20     main.obj (.const:faseMot)
                  0000e1e4    00000101     rtsv7M4_T_le_v4SPD16_eabi.lib : ctype.c.obj (.const:.string:_ctypes_)
                  0000e2e5    00000003     --HOLE-- [fill = 0]
                  0000e2e8    00000028     uartLib.obj (.const:$P$T0$1)
                  0000e310    00000014     i2cLib.obj (.const:$P$T0$1)

.text      0    0000e324    00002a7c     
                  0000e324    00000a4e     rtsv7M4_T_le_v4SPD16_eabi.lib : _printfi.c.obj (.text:__TI_printfi)
                  0000ed72    00000002     startup_msp432p401r_ccs.obj (.text:Default_Handler)
                  0000ed74    000002c4     main.obj (.text:main)
                  0000f038    00000270     rtsv7M4_T_le_v4SPD16_eabi.lib : _printfi.c.obj (.text:_pconv_a)
                  0000f2a8    000001d0                                   : _printfi.c.obj (.text:_pconv_g)
                  0000f478    000001b6                                   : fd_add_t2.asm.obj (.text)
                  0000f62e    00000002                                   : div0.asm.obj (.text)
                  0000f630    0000017c     i2cLib.obj (.text:saveIMU)
                  0000f7ac    0000013c     rtsv7M4_T_le_v4SPD16_eabi.lib : _printfi.c.obj (.text:_pconv_e)
                  0000f8e8    00000136                                   : fd_div_t2.asm.obj (.text)
                  0000fa1e    00000002     --HOLE-- [fill = 0]
                  0000fa20    00000124                                   : _printfi.c.obj (.text:fcvt)
                  0000fb44    0000011c     msp432p4xx_driverlib.lib : uart.o (.text:UART_initModule)
                  0000fc60    00000110     rtsv7M4_T_le_v4SPD16_eabi.lib : s_scalbn.c.obj (.text:scalbn)
                  0000fd70    000000fc                                   : fd_mul_t2.asm.obj (.text)
                  0000fe6c    000000b1                                   : _printfi.c.obj (.text:_ltostr)
                  0000ff1d    00000003     --HOLE-- [fill = 0]
                  0000ff20    000000ac     i2cLib.obj (.text:EUSCIB0_IRQHandler)
                  0000ffcc    0000009c     rtsv7M4_T_le_v4SPD16_eabi.lib : memcpy_t2.asm.obj (.text)
                  00010068    00000096                                   : ull_div_t2.asm.obj (.text)
                  000100fe    00000002     --HOLE-- [fill = 0]
                  00010100    00000094     i2cLib.obj (.text:config_IMU)
                  00010194    00000088     i2cLib.obj (.text:init_I2C)
                  0001021c    00000086     rtsv7M4_T_le_v4SPD16_eabi.lib : fd_cmp_t2.asm.obj (.text:__aeabi_cdcmple)
                  000102a2    00000086                                   : fd_cmp_t2.asm.obj (.text:__aeabi_cdrcmple)
                  00010328    0000007c     uartLib.obj (.text:init_UART)
                  000103a4    0000007a     rtsv7M4_T_le_v4SPD16_eabi.lib : memset_t2.asm.obj (.text)
                  0001041e    00000002     --HOLE-- [fill = 0]
                  00010420    00000078     system_msp432p401r.obj (.text:SystemInit)
                  00010498    00000074     i2cLib.obj (.text:hard_reset_imu)
                  0001050c    0000006e     rtsv7M4_T_le_v4SPD16_eabi.lib : _printfi.c.obj (.text:_mcpy)
                  0001057a    0000006e                                   : fd_tos_t2.asm.obj (.text)
                  000105e8    00000068     msp432p4xx_driverlib.lib : i2c.o (.text:I2C_masterSendMultiByteStart)
                  00010650    00000068     rtsv7M4_T_le_v4SPD16_eabi.lib : copy_decompress_lzss.c.obj (.text:decompress:lzss:__TI_decompress_lzss)
                  000106b8    00000068     i2cLib.obj (.text:llegirIMU)
                  00010720    00000064     msp432p4xx_driverlib.lib : uart.o (.text:UART_getEnabledInterruptStatus)
                  00010784    00000064     rtsv7M4_T_le_v4SPD16_eabi.lib : s_frexp.c.obj (.text:frexp)
                  000107e8    00000060     misc.obj (.text:init_ucs_24MHz)
                  00010848    00000058     uartLib.obj (.text:EUSCIA0_IRQHandler)
                  000108a0    00000056     rtsv7M4_T_le_v4SPD16_eabi.lib : _printfi.c.obj (.text:_pconv_f)
                  000108f6    00000054                                   : _ltoa.c.obj (.text:__TI_ltoa)
                  0001094a    00000052                                   : _printfi.c.obj (.text:_ecpy)
                  0001099c    0000004c                                   : atoi.c.obj (.text:atoi)
                  000109e8    0000004c     i2cLib.obj (.text:init_IMU_int)
                  00010a34    00000048     rtsv7M4_T_le_v4SPD16_eabi.lib : fd_toi_t2.asm.obj (.text)
                  00010a7c    00000044                                   : autoinit.c.obj (.text:__TI_auto_init_nobinit_nopinit:__TI_auto_init_nobinit_nopinit)
                  00010ac0    00000040                                   : sprintf.c.obj (.text:sprintf)
                  00010b00    0000003e                                   : _printfi.c.obj (.text:_fcpy)
                  00010b3e    00000038                                   : fs_tod_t2.asm.obj (.text)
                  00010b76    00000002     --HOLE-- [fill = 0]
                  00010b78    00000034     i2cLib.obj (.text:PORT5_IRQHandler)
                  00010bac    00000034     rtsv7M4_T_le_v4SPD16_eabi.lib : boot_cortex_m.c.obj (.text:_c_int00_noargs:_c_int00_noargs)
                  00010be0    0000002e                                   : i_tofd_t2.asm.obj (.text)
                  00010c0e    00000002     --HOLE-- [fill = 0]
                  00010c10    00000028     misc.obj (.text:TA2_0_IRQHandler)
                  00010c38    00000024     msp432p4xx_driverlib.lib : wdt_a.o (.text:WDT_A_holdTimer)
                  00010c5c    0000001c     rtsv7M4_T_le_v4SPD16_eabi.lib : copy_zero_init.c.obj (.text:decompress:ZI:__TI_zero_init_nomemset:__TI_zero_init_nomemset)
                  00010c78    0000001c                                   : memccpy.c.obj (.text:memccpy)
                  00010c94    0000001a                                   : s_copysign.c.obj (.text:copysign)
                  00010cae    00000002     --HOLE-- [fill = 0]
                  00010cb0    00000018     msp432p4xx_driverlib.lib : fpu.o (.text:FPU_enableModule)
                  00010cc8    00000018                              : uart.o (.text:UART_getInterruptStatus)
                  00010ce0    00000018     rtsv7M4_T_le_v4SPD16_eabi.lib : sprintf.c.obj (.text:_outs)
                  00010cf8    00000016                                   : strchr.c.obj (.text:strchr)
                  00010d0e    00000014                                   : strlen.c.obj (.text:strlen)
                  00010d22    00000012                                   : wcslen.c.obj (.text:wcslen)
                  00010d34    00000010     msp432p4xx_driverlib.lib : fpu.o (.text:FPU_enableLazyStacking)
                  00010d44    00000010                              : interrupt.o (.text:Interrupt_enableMaster)
                  00010d54    0000000e     rtsv7M4_T_le_v4SPD16_eabi.lib : copy_decompress_none.c.obj (.text:decompress:none:__TI_decompress_none)
                  00010d62    0000000c     msp432p4xx_driverlib.lib : cpu.o (.text:CPU_cpsie)
                  00010d6e    0000000c     startup_msp432p401r_ccs.obj (.text:Reset_Handler)
                  00010d7a    0000000c     misc.obj (.text:init_FPU)
                  00010d86    0000000a     rtsv7M4_T_le_v4SPD16_eabi.lib : sprintf.c.obj (.text:_outc)
                  00010d90    00000008                                   : errno.c.obj (.text:__aeabi_errno_addr)
                  00010d98    00000004                                   : pre_init.c.obj (.text:_system_pre_init)
                  00010d9c    00000004                                   : exit.c.obj (.text:abort:abort)

.cinit     0    00010da0    00000030     
                  00010da0    0000000c     (__TI_handler_table)
                  00010dac    00000004     --HOLE-- [fill = 0]
                  00010db0    00000008     (.cinit..bss.load) [load image, compression = zero_init]
                  00010db8    00000007     (.cinit..data.load) [load image, compression = lzss]
                  00010dbf    00000001     --HOLE-- [fill = 0]
                  00010dc0    00000010     (__TI_cinit_table)

.init_array 
*          0    00000000    00000000     UNINITIALIZED

.binit     0    00000000    00000000     

.bss       0    20000000    000000b7     UNINITIALIZED
                  20000000    00000064     (.common:enviatUART)
                  20000064    00000010     i2cLib.obj (.bss:RXDataI2C)
                  20000074    00000005     i2cLib.obj (.bss)
                  20000079    00000001     (.common:RXDataUART)
                  2000007a    00000002     (.common:Angle)
                  2000007c    00000004     (.common:AccelX)
                  20000080    00000004     (.common:AccelY)
                  20000084    00000004     (.common:AccelZ)
                  20000088    00000004     (.common:GyroX)
                  2000008c    00000004     (.common:GyroY)
                  20000090    00000004     (.common:GyroZ)
                  20000094    00000004     (.common:MagnetoX)
                  20000098    00000004     (.common:MagnetoY)
                  2000009c    00000004     (.common:MagnetoZ)
                  200000a0    00000004     (.common:Temp)
                  200000a4    00000004     (.common:i)
                  200000a8    00000004     (.common:indexFSM)
                  200000ac    00000002     (.common:Fase)
                  200000ae    00000002     (.common:delay_ms_count)
                  200000b0    00000002     (.common:midaTXUART)
                  200000b2    00000001     (.common:TXDataUART)
                  200000b3    00000001     (.common:imuFlag)
                  200000b4    00000001     (.common:mida_TX)
                  200000b5    00000001     (.common:rxFlagUART)
                  200000b6    00000001     (.common:txFlagUART)

.data      0    200000b8    00000004     UNINITIALIZED
                  200000b8    00000004     rtsv7M4_T_le_v4SPD16_eabi.lib : errno.c.obj (.data)

.stack     0    2000fe00    00000200     UNINITIALIZED
                  2000fe00    00000004     rtsv7M4_T_le_v4SPD16_eabi.lib : boot_cortex_m.c.obj (.stack)
                  2000fe04    000001fc     --HOLE--

__llvm_prf_cnts 
*          0    20000000    00000000     UNINITIALIZED

MODULE SUMMARY

       Module                        code    ro data   rw data
       ------                        ----    -------   -------
    .\
       main.obj                      708     57600     320    
       system_msp432p401r.obj        120     0         0      
    +--+-----------------------------+-------+---------+---------+
       Total:                        828     57600     320    
                                                              
    .\ccs\
       startup_msp432p401r_ccs.obj   14      228       0      
    +--+-----------------------------+-------+---------+---------+
       Total:                        14      228       0      
                                                              
    .\lib\
       i2cLib.obj                    1184    20        42     
       uartLib.obj                   212     40        0      
       misc.obj                      148     0         4      
    +--+-----------------------------+-------+---------+---------+
       Total:                        1544    60        46     
                                                              
    C:/ti/simplelink_msp432p4_sdk_3_40_01_02/source/ti/devices/msp432p4xx/driverlib/ccs/msp432p4xx_driverlib.lib
       uart.o                        408     0         0      
       i2c.o                         104     0         0      
       fpu.o                         40      0         0      
       wdt_a.o                       36      0         0      
       interrupt.o                   16      0         0      
       cpu.o                         12      0         0      
    +--+-----------------------------+-------+---------+---------+
       Total:                        616     0         0      
                                                              
    C:\ti\ccs1000\ccs\tools\compiler\ti-cgt-arm_20.2.0.LTS\lib\rtsv7M4_T_le_v4SPD16_eabi.lib
       _printfi.c.obj                4851    0         0      
       fd_add_t2.asm.obj             438     0         0      
       fd_div_t2.asm.obj             310     0         0      
       s_scalbn.c.obj                272     0         0      
       fd_cmp_t2.asm.obj             268     0         0      
       ctype.c.obj                   0       257       0      
       fd_mul_t2.asm.obj             252     0         0      
       memcpy_t2.asm.obj             156     0         0      
       ull_div_t2.asm.obj            150     0         0      
       memset_t2.asm.obj             122     0         0      
       fd_tos_t2.asm.obj             110     0         0      
       copy_decompress_lzss.c.obj    104     0         0      
       s_frexp.c.obj                 100     0         0      
       sprintf.c.obj                 98      0         0      
       _ltoa.c.obj                   84      0         0      
       atoi.c.obj                    76      0         0      
       fd_toi_t2.asm.obj             72      0         0      
       autoinit.c.obj                68      0         0      
       fs_tod_t2.asm.obj             56      0         0      
       boot_cortex_m.c.obj           52      0         0      
       i_tofd_t2.asm.obj             46      0         0      
       copy_zero_init.c.obj          28      0         0      
       memccpy.c.obj                 28      0         0      
       s_copysign.c.obj              26      0         0      
       strchr.c.obj                  22      0         0      
       strlen.c.obj                  20      0         0      
       wcslen.c.obj                  18      0         0      
       errno.c.obj                   8       0         8      
       copy_decompress_none.c.obj    14      0         0      
       exit.c.obj                    4       0         0      
       pre_init.c.obj                4       0         0      
       div0.asm.obj                  2       0         0      
    +--+-----------------------------+-------+---------+---------+
       Total:                        7859    257       8      
                                                              
       Stack:                        0       0         1024   
       Linker Generated:             0       43        0      
    +--+-----------------------------+-------+---------+---------+
       Grand Total:                  10861   58188     1398   


LINKER GENERATED COPY TABLES

__TI_cinit_table @ 00010dc0 records: 2, size/record: 8, table size: 16
	.bss: load addr=00010db0, load size=00000008 bytes, run addr=20000000, run size=000000b7 bytes, compression=zero_init
	.data: load addr=00010db8, load size=00000007 bytes, run addr=200000b8, run size=00000004 bytes, compression=lzss


LINKER GENERATED HANDLER TABLE

__TI_handler_table @ 00010da0 records: 3, size/record: 4, table size: 12
	index: 0, handler: __TI_decompress_lzss
	index: 1, handler: __TI_decompress_none
	index: 2, handler: __TI_zero_init


GLOBAL SYMBOLS: SORTED ALPHABETICALLY BY Name 

address   name                          
-------   ----                          
0000ed73  ADC14_IRQHandler              
0000ed73  AES256_IRQHandler             
2000007c  AccelX                        
20000080  AccelY                        
20000084  AccelZ                        
2000007a  Angle                         
0000ed73  BusFault_Handler              
00010d9d  C$$EXIT                       
0000ed73  COMP_E0_IRQHandler            
0000ed73  COMP_E1_IRQHandler            
00010d63  CPU_cpsie                     
0000ed73  CS_IRQHandler                 
0000ed73  DMA_ERR_IRQHandler            
0000ed73  DMA_INT0_IRQHandler           
0000ed73  DMA_INT1_IRQHandler           
0000ed73  DMA_INT2_IRQHandler           
0000ed73  DMA_INT3_IRQHandler           
0000ed73  DebugMon_Handler              
0000ed73  Default_Handler               
00010849  EUSCIA0_IRQHandler            
00010849  EUSCIA0_IRQHandler            
0000ed73  EUSCIA1_IRQHandler            
0000ed73  EUSCIA2_IRQHandler            
0000ed73  EUSCIA3_IRQHandler            
0000ff21  EUSCIB0_IRQHandler            
0000ff21  EUSCIB0_IRQHandler            
0000ed73  EUSCIB1_IRQHandler            
0000ed73  EUSCIB2_IRQHandler            
0000ed73  EUSCIB3_IRQHandler            
0000ed73  FLCTL_IRQHandler              
0000ed73  FPU_IRQHandler                
00010d35  FPU_enableLazyStacking        
00010cb1  FPU_enableModule              
200000ac  Fase                          
20000088  GyroX                         
2000008c  GyroY                         
20000090  GyroZ                         
0000ed73  HardFault_Handler             
000105e9  I2C_masterSendMultiByteStart  
00010d45  Interrupt_enableMaster        
20000094  MagnetoX                      
20000098  MagnetoY                      
2000009c  MagnetoZ                      
0000ed73  MemManage_Handler             
0000ed73  NMI_Handler                   
0000ed73  PCM_IRQHandler                
0000ed73  PORT1_IRQHandler              
0000ed73  PORT2_IRQHandler              
0000ed73  PORT3_IRQHandler              
0000ed73  PORT4_IRQHandler              
00010b79  PORT5_IRQHandler              
00010b79  PORT5_IRQHandler              
0000ed73  PORT6_IRQHandler              
0000ed73  PSS_IRQHandler                
0000ed73  PendSV_Handler                
0000ed73  RTC_C_IRQHandler              
20000079  RXDataUART                    
00010d6f  Reset_Handler                 
0000ed73  SVC_Handler                   
0000ed73  SysTick_Handler               
00010421  SystemInit                    
0000ed73  T32_INT1_IRQHandler           
0000ed73  T32_INT2_IRQHandler           
0000ed73  T32_INTC_IRQHandler           
0000ed73  TA0_0_IRQHandler              
0000ed73  TA0_N_IRQHandler              
0000ed73  TA1_0_IRQHandler              
0000ed73  TA1_N_IRQHandler              
00010c11  TA2_0_IRQHandler              
00010c11  TA2_0_IRQHandler              
0000ed73  TA2_N_IRQHandler              
0000ed73  TA3_0_IRQHandler              
0000ed73  TA3_N_IRQHandler              
200000b2  TXDataUART                    
200000a0  Temp                          
00010721  UART_getEnabledInterruptStatus
00010cc9  UART_getInterruptStatus       
0000fb45  UART_initModule               
0000ed73  UsageFault_Handler            
4000480c  WDTCTL_SYM                    
0000ed73  WDT_A_IRQHandler              
00010c39  WDT_A_holdTimer               
20010000  __STACK_END                   
00000200  __STACK_SIZE                  
00010dc0  __TI_CINIT_Base               
00010dd0  __TI_CINIT_Limit              
00010da0  __TI_Handler_Table_Base       
00010dac  __TI_Handler_Table_Limit      
00010a7d  __TI_auto_init_nobinit_nopinit
00010651  __TI_decompress_lzss          
00010d55  __TI_decompress_none          
000108f7  __TI_ltoa                     
ffffffff  __TI_pprof_out_hndl           
0000e325  __TI_printfi                  
ffffffff  __TI_prof_data_size           
ffffffff  __TI_prof_data_start          
00000000  __TI_static_base__            
00010c5d  __TI_zero_init_nomemset       
0001021d  __aeabi_cdcmpeq               
0001021d  __aeabi_cdcmple               
000102a3  __aeabi_cdrcmple              
0001057b  __aeabi_d2f                   
00010a35  __aeabi_d2iz                  
0000f483  __aeabi_dadd                  
0000f8e9  __aeabi_ddiv                  
0000fd71  __aeabi_dmul                  
0000f479  __aeabi_dsub                  
00010d91  __aeabi_errno_addr            
00010b3f  __aeabi_f2d                   
00010be1  __aeabi_i2d                   
0000f62f  __aeabi_idiv0                 
0000f62f  __aeabi_ldiv0                 
000103a5  __aeabi_memclr                
000103a5  __aeabi_memclr4               
000103a5  __aeabi_memclr8               
0000ffcd  __aeabi_memcpy                
0000ffcd  __aeabi_memcpy4               
0000ffcd  __aeabi_memcpy8               
000103a7  __aeabi_memset                
000103a7  __aeabi_memset4               
000103a7  __aeabi_memset8               
00010069  __aeabi_uldivmod              
ffffffff  __binit__                     
ffffffff  __c_args__                    
UNDEFED   __mpu_init                    
2000fe00  __stack                       
20000000  __start___llvm_prf_cnts       
20000000  __stop___llvm_prf_cnts        
00010bad  _c_int00_noargs               
0000e1e4  _ctypes_                      
UNDEFED   _system_post_cinit            
00010d99  _system_pre_init              
00010d9d  abort                         
0000a9a4  angleMot                      
0001099d  atoi                          
ffffffff  binit                         
00010101  config_IMU                    
00010c95  copysign                      
00010c95  copysignl                     
200000ae  delay_ms_count                
20000000  enviatUART                    
200000b8  errno                         
0000c5c4  faseMot                       
00010785  frexp                         
00010785  frexpl                        
00010499  hard_reset_imu                
200000a4  i                             
200000b3  imuFlag                       
200000a8  indexFSM                      
00010d7b  init_FPU                      
00010195  init_I2C                      
000109e9  init_IMU_int                  
00010329  init_UART                     
000107e9  init_ucs_24MHz                
00000000  interruptVectors              
0000fc61  ldexp                         
0000fc61  ldexpl                        
000106b9  llegirIMU                     
000000e4  magnetoX                      
00003924  magnetoY                      
00007164  magnetoZ                      
0000ed75  main                          
00010c79  memccpy                       
0000ffcd  memcpy                        
000103ad  memset                        
200000b0  midaTXUART                    
200000b4  mida_TX                       
200000b5  rxFlagUART                    
0000f631  saveIMU                       
0000fc61  scalbn                        
0000fc61  scalbnl                       
00010ac1  sprintf                       
00010cf9  strchr                        
00010d0f  strlen                        
200000b6  txFlagUART                    
00010d23  wcslen                        


GLOBAL SYMBOLS: SORTED BY Symbol Address 

address   name                          
-------   ----                          
00000000  __TI_static_base__            
00000000  interruptVectors              
000000e4  magnetoX                      
00000200  __STACK_SIZE                  
00003924  magnetoY                      
00007164  magnetoZ                      
0000a9a4  angleMot                      
0000c5c4  faseMot                       
0000e1e4  _ctypes_                      
0000e325  __TI_printfi                  
0000ed73  ADC14_IRQHandler              
0000ed73  AES256_IRQHandler             
0000ed73  BusFault_Handler              
0000ed73  COMP_E0_IRQHandler            
0000ed73  COMP_E1_IRQHandler            
0000ed73  CS_IRQHandler                 
0000ed73  DMA_ERR_IRQHandler            
0000ed73  DMA_INT0_IRQHandler           
0000ed73  DMA_INT1_IRQHandler           
0000ed73  DMA_INT2_IRQHandler           
0000ed73  DMA_INT3_IRQHandler           
0000ed73  DebugMon_Handler              
0000ed73  Default_Handler               
0000ed73  EUSCIA1_IRQHandler            
0000ed73  EUSCIA2_IRQHandler            
0000ed73  EUSCIA3_IRQHandler            
0000ed73  EUSCIB1_IRQHandler            
0000ed73  EUSCIB2_IRQHandler            
0000ed73  EUSCIB3_IRQHandler            
0000ed73  FLCTL_IRQHandler              
0000ed73  FPU_IRQHandler                
0000ed73  HardFault_Handler             
0000ed73  MemManage_Handler             
0000ed73  NMI_Handler                   
0000ed73  PCM_IRQHandler                
0000ed73  PORT1_IRQHandler              
0000ed73  PORT2_IRQHandler              
0000ed73  PORT3_IRQHandler              
0000ed73  PORT4_IRQHandler              
0000ed73  PORT6_IRQHandler              
0000ed73  PSS_IRQHandler                
0000ed73  PendSV_Handler                
0000ed73  RTC_C_IRQHandler              
0000ed73  SVC_Handler                   
0000ed73  SysTick_Handler               
0000ed73  T32_INT1_IRQHandler           
0000ed73  T32_INT2_IRQHandler           
0000ed73  T32_INTC_IRQHandler           
0000ed73  TA0_0_IRQHandler              
0000ed73  TA0_N_IRQHandler              
0000ed73  TA1_0_IRQHandler              
0000ed73  TA1_N_IRQHandler              
0000ed73  TA2_N_IRQHandler              
0000ed73  TA3_0_IRQHandler              
0000ed73  TA3_N_IRQHandler              
0000ed73  UsageFault_Handler            
0000ed73  WDT_A_IRQHandler              
0000ed75  main                          
0000f479  __aeabi_dsub                  
0000f483  __aeabi_dadd                  
0000f62f  __aeabi_idiv0                 
0000f62f  __aeabi_ldiv0                 
0000f631  saveIMU                       
0000f8e9  __aeabi_ddiv                  
0000fb45  UART_initModule               
0000fc61  ldexp                         
0000fc61  ldexpl                        
0000fc61  scalbn                        
0000fc61  scalbnl                       
0000fd71  __aeabi_dmul                  
0000ff21  EUSCIB0_IRQHandler            
0000ff21  EUSCIB0_IRQHandler            
0000ffcd  __aeabi_memcpy                
0000ffcd  __aeabi_memcpy4               
0000ffcd  __aeabi_memcpy8               
0000ffcd  memcpy                        
00010069  __aeabi_uldivmod              
00010101  config_IMU                    
00010195  init_I2C                      
0001021d  __aeabi_cdcmpeq               
0001021d  __aeabi_cdcmple               
000102a3  __aeabi_cdrcmple              
00010329  init_UART                     
000103a5  __aeabi_memclr                
000103a5  __aeabi_memclr4               
000103a5  __aeabi_memclr8               
000103a7  __aeabi_memset                
000103a7  __aeabi_memset4               
000103a7  __aeabi_memset8               
000103ad  memset                        
00010421  SystemInit                    
00010499  hard_reset_imu                
0001057b  __aeabi_d2f                   
000105e9  I2C_masterSendMultiByteStart  
00010651  __TI_decompress_lzss          
000106b9  llegirIMU                     
00010721  UART_getEnabledInterruptStatus
00010785  frexp                         
00010785  frexpl                        
000107e9  init_ucs_24MHz                
00010849  EUSCIA0_IRQHandler            
00010849  EUSCIA0_IRQHandler            
000108f7  __TI_ltoa                     
0001099d  atoi                          
000109e9  init_IMU_int                  
00010a35  __aeabi_d2iz                  
00010a7d  __TI_auto_init_nobinit_nopinit
00010ac1  sprintf                       
00010b3f  __aeabi_f2d                   
00010b79  PORT5_IRQHandler              
00010b79  PORT5_IRQHandler              
00010bad  _c_int00_noargs               
00010be1  __aeabi_i2d                   
00010c11  TA2_0_IRQHandler              
00010c11  TA2_0_IRQHandler              
00010c39  WDT_A_holdTimer               
00010c5d  __TI_zero_init_nomemset       
00010c79  memccpy                       
00010c95  copysign                      
00010c95  copysignl                     
00010cb1  FPU_enableModule              
00010cc9  UART_getInterruptStatus       
00010cf9  strchr                        
00010d0f  strlen                        
00010d23  wcslen                        
00010d35  FPU_enableLazyStacking        
00010d45  Interrupt_enableMaster        
00010d55  __TI_decompress_none          
00010d63  CPU_cpsie                     
00010d6f  Reset_Handler                 
00010d7b  init_FPU                      
00010d91  __aeabi_errno_addr            
00010d99  _system_pre_init              
00010d9d  C$$EXIT                       
00010d9d  abort                         
00010da0  __TI_Handler_Table_Base       
00010dac  __TI_Handler_Table_Limit      
00010dc0  __TI_CINIT_Base               
00010dd0  __TI_CINIT_Limit              
20000000  __start___llvm_prf_cnts       
20000000  __stop___llvm_prf_cnts        
20000000  enviatUART                    
20000079  RXDataUART                    
2000007a  Angle                         
2000007c  AccelX                        
20000080  AccelY                        
20000084  AccelZ                        
20000088  GyroX                         
2000008c  GyroY                         
20000090  GyroZ                         
20000094  MagnetoX                      
20000098  MagnetoY                      
2000009c  MagnetoZ                      
200000a0  Temp                          
200000a4  i                             
200000a8  indexFSM                      
200000ac  Fase                          
200000ae  delay_ms_count                
200000b0  midaTXUART                    
200000b2  TXDataUART                    
200000b3  imuFlag                       
200000b4  mida_TX                       
200000b5  rxFlagUART                    
200000b6  txFlagUART                    
200000b8  errno                         
2000fe00  __stack                       
20010000  __STACK_END                   
4000480c  WDTCTL_SYM                    
ffffffff  __TI_pprof_out_hndl           
ffffffff  __TI_prof_data_size           
ffffffff  __TI_prof_data_start          
ffffffff  __binit__                     
ffffffff  __c_args__                    
ffffffff  binit                         
UNDEFED   __mpu_init                    
UNDEFED   _system_post_cinit            

[176 symbols]
